// Jest Snapshot v1, https://goo.gl/fbAQLP

exports[`Card Component renders the component 1`] = `
<DocumentFragment>
  <div
    class="MuiPaper-root MuiPaper-elevation MuiPaper-rounded MuiPaper-elevation1 MuiCard-root css-bhp9pd-MuiPaper-root-MuiCard-root"
  >
    <div
      class="MuiCardContent-root css-46bh2p-MuiCardContent-root"
    >
      <h6
        class="MuiTypography-root MuiTypography-h6 css-tjvwag-MuiTypography-root"
      >
        Test
      </h6>
      Card Content
    </div>
  </div>
</DocumentFragment>
`;
