// Jest Snapshot v1, https://goo.gl/fbAQLP

exports[`Modal Component renders and matches snapshot 1`] = `<DocumentFragment />`;
