// Jest Snapshot v1, https://goo.gl/fbAQLP

exports[`Title Component renders the title component 1`] = `
<DocumentFragment>
  <p
    class="MuiTypography-root MuiTypography-body1 css-g6ng2y-MuiTypography-root"
    data-testid="title-component"
  >
    Title Component
  </p>
</DocumentFragment>
`;
